\BOOKMARK [0][]{chapter.1}{\376\377\0001\000\040\000I\000n\000t\000r\000o\000d\000u\000c\000t\000i\000o\000n}{}% 1
\BOOKMARK [1][]{section.1.1}{\376\377\0001\000.\0001\000\040\000M\000o\000t\000i\000v\000a\000t\000i\000o\000n}{chapter.1}% 2
\BOOKMARK [1][]{section.1.2}{\376\377\0001\000.\0002\000\040\000T\000h\000e\000s\000i\000s\000\040\000s\000t\000r\000u\000c\000t\000u\000r\000e}{chapter.1}% 3
\BOOKMARK [0][]{chapter.2}{\376\377\0002\000\040\000D\000a\000t\000a\000-\000t\000o\000-\000T\000e\000x\000t\000\040\000G\000e\000n\000e\000r\000a\000t\000i\000o\000n}{}% 4
\BOOKMARK [1][]{section.2.1}{\376\377\0002\000.\0001\000\040\000P\000r\000o\000b\000l\000e\000m\000\040\000d\000e\000f\000i\000n\000i\000t\000i\000o\000n}{chapter.2}% 5
\BOOKMARK [2][]{subsection.2.1.1}{\376\377\0002\000.\0001\000.\0001\000\040\000T\000h\000e\000\040\000D\0002\000T\000\040\000t\000a\000s\000k}{section.2.1}% 6
\BOOKMARK [2][]{subsection.2.1.2}{\376\377\0002\000.\0001\000.\0002\000\040\000R\000D\000F\000\040\000a\000n\000d\000\040\000s\000e\000m\000a\000n\000t\000i\000c\000\040\000t\000r\000i\000p\000l\000e\000s}{section.2.1}% 7
\BOOKMARK [2][]{subsection.2.1.3}{\376\377\0002\000.\0001\000.\0003\000\040\000G\000e\000n\000e\000r\000a\000t\000i\000o\000n\000\040\000s\000t\000a\000g\000e\000s}{section.2.1}% 8
\BOOKMARK [2][]{subsection.2.1.4}{\376\377\0002\000.\0001\000.\0004\000\040\000P\000r\000o\000p\000e\000r\000t\000i\000e\000s\000\040\000a\000n\000d\000\040\000c\000h\000a\000l\000l\000e\000n\000g\000e\000s}{section.2.1}% 9
\BOOKMARK [1][]{section.2.2}{\376\377\0002\000.\0002\000\040\000M\000e\000t\000h\000o\000d\000s}{chapter.2}% 10
\BOOKMARK [2][]{subsection.2.2.1}{\376\377\0002\000.\0002\000.\0001\000\040\000R\000u\000l\000e\000-\000b\000a\000s\000e\000d\000\040\000a\000n\000d\000\040\000t\000e\000m\000p\000l\000a\000t\000e\000-\000b\000a\000s\000e\000d\000\040\000s\000y\000s\000t\000e\000m\000s}{section.2.2}% 11
\BOOKMARK [2][]{subsection.2.2.2}{\376\377\0002\000.\0002\000.\0002\000\040\000R\000e\000t\000r\000i\000e\000v\000a\000l\000\040\000a\000n\000d\000\040\000s\000t\000a\000t\000i\000s\000t\000i\000c\000a\000l\000\040\000s\000y\000s\000t\000e\000m\000s}{section.2.2}% 12
\BOOKMARK [2][]{subsection.2.2.3}{\376\377\0002\000.\0002\000.\0003\000\040\000N\000e\000u\000r\000a\000l\000\040\000s\000e\000q\000u\000e\000n\000c\000e\000-\000t\000o\000-\000s\000e\000q\000u\000e\000n\000c\000e\000\040\000s\000y\000s\000t\000e\000m\000s}{section.2.2}% 13
\BOOKMARK [2][]{subsection.2.2.4}{\376\377\0002\000.\0002\000.\0004\000\040\000M\000o\000d\000u\000l\000a\000r\000\040\000n\000e\000u\000r\000a\000l\000\040\000a\000n\000d\000\040\000e\000n\000d\000-\000t\000o\000-\000e\000n\000d\000\040\000a\000r\000c\000h\000i\000t\000e\000c\000t\000u\000r\000e\000s}{section.2.2}% 14
\BOOKMARK [2][]{subsection.2.2.5}{\376\377\0002\000.\0002\000.\0005\000\040\000T\000r\000a\000n\000s\000f\000o\000r\000m\000e\000r\000s\000,\000\040\000p\000r\000e\000t\000r\000a\000i\000n\000e\000d\000\040\000m\000o\000d\000e\000l\000s\000,\000\040\000a\000n\000d\000\040\000c\000o\000n\000t\000r\000o\000l\000l\000a\000b\000l\000e\000\040\000g\000e\000n\000e\000r\000a\000t\000i\000o\000n}{section.2.2}% 15
\BOOKMARK [1][]{section.2.3}{\376\377\0002\000.\0003\000\040\000I\000n\000t\000e\000r\000p\000r\000e\000t\000a\000b\000l\000e\000\040\000D\0002\000T\000\040\000A\000p\000p\000r\000o\000a\000c\000h\000e\000s}{chapter.2}% 16
\BOOKMARK [2][]{subsection.2.3.1}{\376\377\0002\000.\0003\000.\0001\000\040\000E\000x\000p\000l\000i\000c\000i\000t\000\040\000r\000u\000l\000e\000s\000\040\000a\000n\000d\000\040\000t\000e\000m\000p\000l\000a\000t\000e\000s}{section.2.3}% 17
\BOOKMARK [2][]{subsection.2.3.2}{\376\377\0002\000.\0003\000.\0002\000\040\000I\000n\000t\000e\000r\000m\000e\000d\000i\000a\000t\000e\000\040\000r\000e\000p\000r\000e\000s\000e\000n\000t\000a\000t\000i\000o\000n\000s\000\040\000a\000n\000d\000\040\000h\000y\000b\000r\000i\000d\000\040\000s\000y\000s\000t\000e\000m\000s}{section.2.3}% 18
\BOOKMARK [2][]{subsection.2.3.3}{\376\377\0002\000.\0003\000.\0003\000\040\000L\000L\000M\000-\000g\000e\000n\000e\000r\000a\000t\000e\000d\000\040\000r\000u\000l\000e\000-\000b\000a\000s\000e\000d\000\040\000s\000y\000s\000t\000e\000m\000s}{section.2.3}% 19
\BOOKMARK [1][]{section.2.4}{\376\377\0002\000.\0004\000\040\000P\000e\000r\000f\000o\000r\000m\000a\000n\000c\000e\000\040\000E\000v\000a\000l\000u\000a\000t\000i\000o\000n}{chapter.2}% 20
\BOOKMARK [2][]{subsection.2.4.1}{\376\377\0002\000.\0004\000.\0001\000\040\000E\000v\000a\000l\000u\000a\000t\000i\000o\000n\000\040\000d\000i\000m\000e\000n\000s\000i\000o\000n\000s}{section.2.4}% 21
\BOOKMARK [2][]{subsection.2.4.2}{\376\377\0002\000.\0004\000.\0002\000\040\000R\000e\000f\000e\000r\000e\000n\000c\000e\000-\000b\000a\000s\000e\000d\000\040\000a\000u\000t\000o\000m\000a\000t\000i\000c\000\040\000m\000e\000t\000r\000i\000c\000s}{section.2.4}% 22
\BOOKMARK [3][]{section*.4}{\376\377\000B\000L\000E\000U}{subsection.2.4.2}% 23
\BOOKMARK [3][]{section*.5}{\376\377\000M\000E\000T\000E\000O\000R}{subsection.2.4.2}% 24
\BOOKMARK [3][]{section*.6}{\376\377\000B\000E\000R\000T\000S\000c\000o\000r\000e}{subsection.2.4.2}% 25
\BOOKMARK [3][]{section*.7}{\376\377\000B\000L\000E\000U\000R\000T}{subsection.2.4.2}% 26
\BOOKMARK [2][]{subsection.2.4.3}{\376\377\0002\000.\0004\000.\0003\000\040\000S\000o\000u\000r\000c\000e\000-\000a\000w\000a\000r\000e\000\040\000a\000n\000d\000\040\000s\000e\000m\000a\000n\000t\000i\000c\000\040\000e\000v\000a\000l\000u\000a\000t\000i\000o\000n}{section.2.4}% 27
\BOOKMARK [2][]{subsection.2.4.4}{\376\377\0002\000.\0004\000.\0004\000\040\000H\000u\000m\000a\000n\000\040\000e\000v\000a\000l\000u\000a\000t\000i\000o\000n}{section.2.4}% 28
\BOOKMARK [2][]{subsection.2.4.5}{\376\377\0002\000.\0004\000.\0005\000\040\000M\000e\000t\000r\000i\000c\000s\000\040\000u\000s\000e\000d}{section.2.4}% 29
\BOOKMARK [0][]{chapter.3}{\376\377\0003\000\040\000B\000u\000i\000l\000d\000i\000n\000g\000\040\000i\000n\000t\000e\000r\000p\000r\000e\000t\000a\000b\000l\000e\000\040\000m\000e\000a\000n\000i\000n\000g\000\040\000r\000e\000p\000r\000e\000s\000e\000n\000t\000a\000t\000i\000o\000n\000s\000\040\000f\000r\000o\000m\000\040\000c\000o\000m\000p\000l\000e\000x\000\040\000d\000a\000t\000a}{}% 30
\BOOKMARK [1][]{section.3.1}{\376\377\0003\000.\0001\000\040\000M\000e\000t\000h\000o\000d\000\040\000O\000v\000e\000r\000v\000i\000e\000w}{chapter.3}% 31
\BOOKMARK [2][]{subsection.3.1.1}{\376\377\0003\000.\0001\000.\0001\000\040\000C\000o\000n\000v\000e\000r\000s\000i\000o\000n\000\040\000M\000e\000t\000h\000o\000d\000s\000\040\000O\000v\000e\000r\000v\000i\000e\000w}{section.3.1}% 32
\BOOKMARK [1][]{section.3.2}{\376\377\0003\000.\0002\000\040\000D\000a\000t\000a\000\040\000c\000o\000n\000v\000e\000r\000s\000i\000o\000n\000\040\000w\000i\000t\000h\000\040\000L\000L\000M\000s}{chapter.3}% 33
\BOOKMARK [2][]{subsection.3.2.1}{\376\377\0003\000.\0002\000.\0001\000\040\000T\000e\000x\000t\000-\000F\000i\000r\000s\000t\000\040\000E\000x\000t\000r\000a\000c\000t\000i\000o\000n\000\040\000w\000i\000t\000h\000\040\000N\000o\000r\000m\000a\000l\000i\000z\000a\000t\000i\000o\000n}{section.3.2}% 34
\BOOKMARK [2][]{subsection.3.2.2}{\376\377\0003\000.\0002\000.\0002\000\040\000B\000l\000u\000e\000p\000r\000i\000n\000t\000-\000I\000t\000e\000r\000a\000t\000i\000v\000e\000\040\000R\000e\000f\000i\000n\000e\000m\000e\000n\000t}{section.3.2}% 35
\BOOKMARK [2][]{subsection.3.2.3}{\376\377\0003\000.\0002\000.\0003\000\040\000E\000v\000o\000l\000v\000i\000n\000g\000\040\000C\000a\000t\000a\000l\000o\000g}{section.3.2}% 36
\BOOKMARK [1][]{section.3.3}{\376\377\0003\000.\0003\000\040\000F\000i\000n\000e\000-\000t\000u\000n\000e\000d\000\040\000m\000o\000d\000e\000l\000\040\000f\000o\000r\000\040\000d\000a\000t\000a\000\040\000c\000o\000n\000v\000e\000r\000s\000i\000o\000n}{chapter.3}% 37
\BOOKMARK [2][]{subsection.3.3.1}{\376\377\0003\000.\0003\000.\0001\000\040\000S\000u\000p\000e\000r\000v\000i\000s\000e\000d\000\040\000F\000i\000n\000e\000-\000T\000u\000n\000i\000n\000g\000\040\000a\000n\000d\000\040\000Q\000L\000o\000R\000A}{section.3.3}% 38
\BOOKMARK [2][]{subsection.3.3.2}{\376\377\0003\000.\0003\000.\0002\000\040\000T\000r\000a\000i\000n\000i\000n\000g\000\040\000D\000a\000t\000a\000\040\000C\000o\000n\000s\000t\000r\000u\000c\000t\000i\000o\000n}{section.3.3}% 39
\BOOKMARK [0][]{chapter.4}{\376\377\0004\000\040\000S\000u\000r\000f\000a\000c\000e\000\040\000r\000e\000a\000l\000i\000z\000a\000t\000i\000o\000n\000\040\040\024\000\040\000e\000v\000o\000l\000v\000i\000n\000g\000\040\000p\000r\000o\000g\000r\000a\000m\000s\000\040\000u\000s\000i\000n\000g\000\040\000A\000l\000p\000h\000a\000E\000v\000o\000l\000v\000e}{}% 40
\BOOKMARK [1][]{section.4.1}{\376\377\0004\000.\0001\000\040\000M\000e\000t\000h\000o\000d\000\040\000O\000v\000e\000r\000v\000i\000e\000w}{chapter.4}% 41
\BOOKMARK [1][]{section.4.2}{\376\377\0004\000.\0002\000\040\000M\000o\000d\000e\000r\000n\000\040\000a\000p\000p\000r\000o\000a\000c\000h\000e\000s\000\040\000f\000o\000r\000\040\000w\000r\000i\000t\000i\000n\000g\000\040\000c\000o\000m\000p\000l\000e\000x\000\040\000p\000r\000o\000g\000r\000a\000m\000s}{chapter.4}% 42
\BOOKMARK [2][]{subsection.4.2.1}{\376\377\0004\000.\0002\000.\0001\000\040\000A\000g\000e\000n\000t\000i\000c\000\040\000p\000r\000o\000g\000r\000a\000m\000m\000i\000n\000g}{section.4.2}% 43
\BOOKMARK [2][]{subsection.4.2.2}{\376\377\0004\000.\0002\000.\0002\000\040\000C\000u\000r\000r\000e\000n\000t\000\040\000s\000t\000a\000t\000e\000\040\000o\000f\000\040\000t\000h\000e\000\040\000a\000r\000t}{section.4.2}% 44
\BOOKMARK [2][]{subsection.4.2.3}{\376\377\0004\000.\0002\000.\0003\000\040\000C\000h\000a\000l\000l\000e\000n\000g\000e\000s\000\040\000a\000n\000d\000\040\000p\000o\000s\000s\000i\000b\000l\000e\000\040\000i\000m\000p\000r\000o\000v\000e\000m\000e\000n\000t\000s}{section.4.2}% 45
\BOOKMARK [1][]{section.4.3}{\376\377\0004\000.\0003\000\040\000A\000l\000p\000h\000a\000E\000v\000o\000l\000v\000e}{chapter.4}% 46
\BOOKMARK [2][]{subsection.4.3.1}{\376\377\0004\000.\0003\000.\0001\000\040\000M\000o\000t\000i\000v\000a\000t\000i\000o\000n\000\040\000a\000n\000d\000\040\000p\000r\000o\000b\000l\000e\000m\000\040\000f\000o\000r\000m\000u\000l\000a\000t\000i\000o\000n}{section.4.3}% 47
\BOOKMARK [2][]{subsection.4.3.2}{\376\377\0004\000.\0003\000.\0002\000\040\000A\000r\000c\000h\000i\000t\000e\000c\000t\000u\000r\000e\000\040\000o\000f\000\040\000A\000l\000p\000h\000a\000E\000v\000o\000l\000v\000e}{section.4.3}% 48
\BOOKMARK [2][]{subsection.4.3.3}{\376\377\0004\000.\0003\000.\0003\000\040\000T\000a\000s\000k\000\040\000s\000p\000e\000c\000i\000f\000i\000c\000a\000t\000i\000o\000n\000\040\000a\000n\000d\000\040\000p\000r\000o\000g\000r\000a\000m\000\040\000r\000e\000p\000r\000e\000s\000e\000n\000t\000a\000t\000i\000o\000n}{section.4.3}% 49
\BOOKMARK [2][]{subsection.4.3.4}{\376\377\0004\000.\0003\000.\0004\000\040\000P\000r\000o\000m\000p\000t\000\040\000s\000a\000m\000p\000l\000i\000n\000g\000\040\000a\000n\000d\000\040\000c\000r\000e\000a\000t\000i\000v\000e\000\040\000g\000e\000n\000e\000r\000a\000t\000i\000o\000n}{section.4.3}% 50
\BOOKMARK [2][]{subsection.4.3.5}{\376\377\0004\000.\0003\000.\0005\000\040\000E\000v\000a\000l\000u\000a\000t\000i\000o\000n\000,\000\040\000e\000v\000o\000l\000u\000t\000i\000o\000n\000a\000r\000y\000\040\000s\000t\000o\000r\000a\000g\000e\000,\000\040\000a\000n\000d\000\040\000d\000i\000s\000t\000r\000i\000b\000u\000t\000e\000d\000\040\000e\000x\000e\000c\000u\000t\000i\000o\000n}{section.4.3}% 51
\BOOKMARK [2][]{subsection.4.3.6}{\376\377\0004\000.\0003\000.\0006\000\040\000S\000c\000o\000p\000e\000\040\000a\000n\000d\000\040\000l\000i\000m\000i\000t\000a\000t\000i\000o\000n\000s\000\040\000o\000f\000\040\000A\000l\000p\000h\000a\000E\000v\000o\000l\000v\000e}{section.4.3}% 52
\BOOKMARK [1][]{section.4.4}{\376\377\0004\000.\0004\000\040\000O\000p\000e\000n\000E\000v\000o\000l\000v\000e}{chapter.4}% 53
\BOOKMARK [2][]{subsection.4.4.1}{\376\377\0004\000.\0004\000.\0001\000\040\000O\000p\000e\000n\000-\000s\000o\000u\000r\000c\000e\000\040\000i\000m\000p\000l\000e\000m\000e\000n\000t\000a\000t\000i\000o\000n}{section.4.4}% 54
\BOOKMARK [2][]{subsection.4.4.2}{\376\377\0004\000.\0004\000.\0002\000\040\000E\000x\000e\000c\000u\000t\000i\000o\000n\000\040\000a\000r\000c\000h\000i\000t\000e\000c\000t\000u\000r\000e\000\040\000u\000s\000e\000d\000\040\000i\000n\000\040\000t\000h\000e\000\040\000t\000h\000e\000s\000i\000s}{section.4.4}% 55
\BOOKMARK [2][]{subsection.4.4.3}{\376\377\0004\000.\0004\000.\0003\000\040\000E\000x\000t\000e\000n\000s\000i\000o\000n\000s\000\040\000m\000a\000d\000e\000\040\000f\000o\000r\000\040\000t\000h\000e\000\040\000e\000x\000p\000e\000r\000i\000m\000e\000n\000t\000s}{section.4.4}% 56
\BOOKMARK [1][]{section.4.5}{\376\377\0004\000.\0005\000\040\000P\000r\000o\000g\000r\000a\000m\000\040\000d\000a\000t\000a\000b\000a\000s\000e\000\040\000a\000n\000d\000\040\000i\000n\000i\000t\000i\000a\000l\000\040\000p\000r\000o\000g\000r\000a\000m}{chapter.4}% 57
\BOOKMARK [2][]{subsection.4.5.1}{\376\377\0004\000.\0005\000.\0001\000\040\000P\000r\000o\000g\000r\000a\000m\000\040\000r\000e\000c\000o\000r\000d\000s\000\040\000a\000n\000d\000\040\000p\000e\000r\000s\000i\000s\000t\000e\000n\000c\000e}{section.4.5}% 58
\BOOKMARK [2][]{subsection.4.5.2}{\376\377\0004\000.\0005\000.\0002\000\040\000I\000n\000i\000t\000i\000a\000l\000\040\000p\000r\000o\000g\000r\000a\000m}{section.4.5}% 59
\BOOKMARK [1][]{section.4.6}{\376\377\0004\000.\0006\000\040\000P\000r\000o\000g\000r\000a\000m\000\040\000s\000e\000l\000e\000c\000t\000i\000o\000n\000\040\000a\000n\000d\000\040\000p\000r\000o\000m\000p\000t\000\040\000e\000n\000g\000i\000n\000e\000e\000r\000i\000n\000g}{chapter.4}% 60
\BOOKMARK [2][]{subsection.4.6.1}{\376\377\0004\000.\0006\000.\0001\000\040\000P\000a\000r\000e\000n\000t\000\040\000a\000n\000d\000\040\000i\000n\000s\000p\000i\000r\000a\000t\000i\000o\000n\000\040\000s\000e\000l\000e\000c\000t\000i\000o\000n}{section.4.6}% 61
\BOOKMARK [2][]{subsection.4.6.2}{\376\377\0004\000.\0006\000.\0002\000\040\000P\000r\000o\000m\000p\000t\000\040\000c\000o\000m\000p\000o\000s\000i\000t\000i\000o\000n}{section.4.6}% 62
\BOOKMARK [2][]{subsection.4.6.3}{\376\377\0004\000.\0006\000.\0003\000\040\000S\000E\000A\000R\000C\000H\000/\000R\000E\000P\000L\000A\000C\000E\000\040\000i\000n\000s\000t\000r\000u\000c\000t\000i\000o\000n\000s\000\040\000a\000n\000d\000\040\000t\000h\000e\000i\000r\000\040\000e\000x\000t\000e\000n\000s\000i\000o\000n\000s}{section.4.6}% 63
\BOOKMARK [1][]{section.4.7}{\376\377\0004\000.\0007\000\040\000L\000a\000r\000g\000e\000\040\000L\000a\000n\000g\000u\000a\000g\000e\000\040\000M\000o\000d\000e\000l}{chapter.4}% 64
\BOOKMARK [2][]{subsection.4.7.1}{\376\377\0004\000.\0007\000.\0001\000\040\000P\000a\000r\000s\000i\000n\000g\000\040\000t\000h\000e\000\040\000L\000L\000M\000\040\000r\000e\000s\000p\000o\000n\000s\000e}{section.4.7}% 65
\BOOKMARK [2][]{subsection.4.7.2}{\376\377\0004\000.\0007\000.\0002\000\040\000I\000n\000v\000a\000l\000i\000d\000\040\000p\000r\000o\000g\000r\000a\000m\000s\000\040\000a\000n\000d\000\040\000e\000x\000e\000c\000u\000t\000i\000o\000n\000\040\000s\000a\000f\000e\000t\000y}{section.4.7}% 66
\BOOKMARK [1][]{section.4.8}{\376\377\0004\000.\0008\000\040\000E\000v\000a\000l\000u\000a\000t\000i\000o\000n}{chapter.4}% 67
\BOOKMARK [2][]{subsection.4.8.1}{\376\377\0004\000.\0008\000.\0001\000\040\000E\000v\000a\000l\000u\000a\000t\000o\000r\000\040\000i\000n\000t\000e\000g\000r\000a\000t\000i\000o\000n}{section.4.8}% 68
\BOOKMARK [2][]{subsection.4.8.2}{\376\377\0004\000.\0008\000.\0002\000\040\000R\000e\000f\000e\000r\000e\000n\000c\000e\000\040\000d\000a\000t\000a\000\040\000a\000n\000d\000\040\000c\000a\000n\000d\000i\000d\000a\000t\000e\000\040\000e\000x\000e\000c\000u\000t\000i\000o\000n}{section.4.8}% 69
\BOOKMARK [2][]{subsection.4.8.3}{\376\377\0004\000.\0008\000.\0003\000\040\000R\000e\000f\000e\000r\000e\000n\000c\000e\000-\000b\000a\000s\000e\000d\000\040\000s\000c\000o\000r\000i\000n\000g}{section.4.8}% 70
\BOOKMARK [2][]{subsection.4.8.4}{\376\377\0004\000.\0008\000.\0004\000\040\000L\000L\000M\000\040\000a\000s\000\040\000a\000\040\000j\000u\000d\000g\000e}{section.4.8}% 71
\BOOKMARK [2][]{subsection.4.8.5}{\376\377\0004\000.\0008\000.\0005\000\040\000A\000r\000t\000i\000f\000a\000c\000t\000s\000\040\000a\000s\000\040\000e\000v\000a\000l\000u\000a\000t\000o\000r\000\040\000f\000e\000e\000d\000b\000a\000c\000k}{section.4.8}% 72
\BOOKMARK [2][]{subsection.4.8.6}{\376\377\0004\000.\0008\000.\0006\000\040\000R\000e\000g\000i\000s\000t\000r\000a\000t\000i\000o\000n\000\040\000a\000n\000d\000\040\000c\000o\000n\000t\000i\000n\000u\000a\000t\000i\000o\000n\000\040\000o\000f\000\040\000t\000h\000e\000\040\000l\000o\000o\000p}{section.4.8}% 73
\BOOKMARK [0][]{chapter.5}{\376\377\0005\000\040\000E\000x\000p\000e\000r\000i\000m\000e\000n\000t\000s}{}% 74
\BOOKMARK [1][]{section.5.1}{\376\377\0005\000.\0001\000\040\000M\000e\000a\000n\000i\000n\000g\000\040\000r\000e\000p\000r\000e\000s\000e\000n\000t\000a\000t\000i\000o\000n}{chapter.5}% 75
\BOOKMARK [2][]{subsection.5.1.1}{\376\377\0005\000.\0001\000.\0001\000\040\000D\000a\000t\000a\000\040\000C\000o\000l\000l\000e\000c\000t\000i\000o\000n}{section.5.1}% 76
\BOOKMARK [2][]{subsection.5.1.2}{\376\377\0005\000.\0001\000.\0002\000\040\000T\000r\000a\000i\000n\000i\000n\000g\000\040\000C\000o\000n\000f\000i\000g\000u\000r\000a\000t\000i\000o\000n}{section.5.1}% 77
\BOOKMARK [1][]{section.5.2}{\376\377\0005\000.\0002\000\040\000S\000u\000r\000f\000a\000c\000e\000\040\000r\000e\000a\000l\000i\000z\000a\000t\000i\000o\000n}{chapter.5}% 78
\BOOKMARK [2][]{subsection.5.2.1}{\376\377\0005\000.\0002\000.\0001\000\040\000I\000l\000l\000u\000s\000t\000r\000a\000t\000i\000v\000e\000\040\000e\000v\000o\000l\000u\000t\000i\000o\000n\000\040\000t\000r\000a\000c\000e}{section.5.2}% 79
\BOOKMARK [1][]{section.5.3}{\376\377\0005\000.\0003\000\040\000W\000h\000o\000l\000e\000\040\000s\000y\000s\000t\000e\000m\000\040\000e\000v\000a\000l\000u\000a\000t\000i\000o\000n}{chapter.5}% 80
\BOOKMARK [0][]{chapter.6}{\376\377\0006\000\040\000D\000i\000s\000c\000u\000s\000s\000i\000o\000n}{}% 81
\BOOKMARK [0][]{chapter.7}{\376\377\0007\000\040\000S\000u\000m\000m\000a\000r\000y}{}% 82
\BOOKMARK [0][]{chapter*.18}{\376\377\000B\000i\000b\000l\000i\000o\000g\000r\000a\000p\000h\000y}{}% 83
\BOOKMARK [0][]{appendix.A}{\376\377\000A\000\040\000P\000r\000o\000m\000p\000t\000s}{}% 84
\BOOKMARK [1][]{section.A.1}{\376\377\000A\000.\0001\000\040\000E\000v\000o\000l\000u\000t\000i\000o\000n\000\040\000p\000r\000o\000m\000p\000t\000s\000\040\000f\000o\000r\000\040\000s\000u\000r\000f\000a\000c\000e\000\040\000r\000e\000a\000l\000i\000z\000a\000t\000i\000o\000n}{appendix.A}% 85
\BOOKMARK [2][]{subsection.A.1.1}{\376\377\000A\000.\0001\000.\0001\000\040\000E\000v\000o\000l\000u\000t\000i\000o\000n\000\040\000s\000y\000s\000t\000e\000m\000\040\000p\000r\000o\000m\000p\000t}{section.A.1}% 86
\BOOKMARK [2][]{subsection.A.1.2}{\376\377\000A\000.\0001\000.\0002\000\040\000E\000v\000o\000l\000u\000t\000i\000o\000n\000\040\000u\000s\000e\000r\000\040\000p\000r\000o\000m\000p\000t}{section.A.1}% 87
\BOOKMARK [2][]{subsection.A.1.3}{\376\377\000A\000.\0001\000.\0003\000\040\000E\000v\000o\000l\000u\000t\000i\000o\000n\000-\000h\000i\000s\000t\000o\000r\000y\000\040\000c\000o\000m\000p\000o\000n\000e\000n\000t\000s}{section.A.1}% 88
\BOOKMARK [2][]{subsection.A.1.4}{\376\377\000A\000.\0001\000.\0004\000\040\000A\000r\000t\000i\000f\000a\000c\000t\000\040\000m\000e\000s\000s\000a\000g\000e}{section.A.1}% 89
\BOOKMARK [2][]{subsection.A.1.5}{\376\377\000A\000.\0001\000.\0005\000\040\000R\000e\000p\000a\000i\000r\000\040\000p\000r\000o\000m\000p\000t\000s}{section.A.1}% 90
\BOOKMARK [1][]{section.A.2}{\376\377\000A\000.\0002\000\040\000L\000L\000M\000-\000a\000s\000-\000a\000-\000j\000u\000d\000g\000e\000\040\000p\000r\000o\000m\000p\000t}{appendix.A}% 91
\BOOKMARK [1][]{section.A.3}{\376\377\000A\000.\0003\000\040\000T\000e\000x\000t\000-\000F\000i\000r\000s\000t\000\040\000E\000x\000t\000r\000a\000c\000t\000i\000o\000n\000\040\000w\000i\000t\000h\000\040\000N\000o\000r\000m\000a\000l\000i\000z\000a\000t\000i\000o\000n}{appendix.A}% 92
\BOOKMARK [1][]{section.A.4}{\376\377\000A\000.\0004\000\040\000B\000l\000u\000e\000p\000r\000i\000n\000t\000-\000I\000t\000e\000r\000a\000t\000i\000v\000e\000\040\000R\000e\000f\000i\000n\000e\000m\000e\000n\000t}{appendix.A}% 93
\BOOKMARK [1][]{section.A.5}{\376\377\000A\000.\0005\000\040\000E\000v\000o\000l\000v\000i\000n\000g\000\040\000C\000a\000t\000a\000l\000o\000g}{appendix.A}% 94
\BOOKMARK [0][]{appendix.B}{\376\377\000B\000\040\000P\000r\000o\000m\000p\000t\000s\000\040\000f\000o\000r\000\040\000F\000i\000n\000e\000-\000t\000u\000n\000e\000d\000\040\000M\000o\000d\000e\000l}{}% 95
\BOOKMARK [0][]{appendix.C}{\376\377\000C\000\040\000I\000n\000i\000t\000i\000a\000l\000\040\000P\000r\000o\000g\000r\000a\000m}{}% 96
